// Jest Snapshot v1, https://goo.gl/fbAQLP

exports[`keystore SignKeyWithMeta signs data: signature 1`] = `
Uint8Array [
  36,
  253,
  192,
  149,
  226,
  168,
  62,
  174,
  144,
  49,
  251,
  212,
  144,
  128,
  209,
  195,
  71,
  46,
  1,
  51,
  81,
  159,
  226,
  50,
  253,
  193,
  228,
  217,
  20,
  117,
  35,
  213,
  207,
  152,
  222,
  61,
  131,
  20,
  96,
  183,
  126,
  34,
  94,
  97,
  63,
  56,
  176,
  132,
  148,
  183,
  175,
  214,
  33,
  221,
  61,
  225,
  222,
  149,
  208,
  34,
  111,
  88,
  225,
  8,
  27,
  206,
  72,
  98,
  157,
  134,
  186,
  150,
  240,
  175,
  164,
  196,
  229,
  1,
  129,
  154,
  88,
  244,
  193,
  82,
  31,
  171,
  46,
  130,
  210,
  164,
  255,
  241,
  173,
  137,
  168,
  248,
]
`;
