// Jest Snapshot v1, https://goo.gl/fbAQLP

exports[`Signed Log has the correct identity: identity 1`] = `
IdentitySerializable {
  "id": Uint8Array [
    29,
    129,
    142,
    75,
    119,
    63,
    241,
    128,
    151,
    231,
    209,
    35,
    176,
    226,
    2,
    212,
    211,
    244,
    170,
    176,
    174,
    92,
    223,
    241,
    48,
    13,
    88,
    45,
    195,
    10,
    123,
    126,
  ],
  "publicKey": Ed25519PublicKey {
    "keyType": "ed25519",
    "publicKey": true,
  },
  "signatures": Signatures {
    "id": Uint8Array [
      119,
      49,
      16,
      128,
      251,
      46,
      0,
      254,
      21,
      119,
      63,
      26,
      4,
      3,
      163,
      105,
      94,
      28,
      252,
      106,
      154,
      251,
      212,
      134,
      31,
      23,
      114,
      87,
      39,
      96,
      130,
      87,
      2,
      164,
      100,
      80,
      191,
      107,
      163,
      73,
      61,
      146,
      238,
      227,
      227,
      211,
      218,
      108,
      47,
      56,
      241,
      86,
      58,
      78,
      173,
      174,
      206,
      227,
      47,
      136,
      210,
      243,
      30,
      7,
      29,
      129,
      142,
      75,
      119,
      63,
      241,
      128,
      151,
      231,
      209,
      35,
      176,
      226,
      2,
      212,
      211,
      244,
      170,
      176,
      174,
      92,
      223,
      241,
      48,
      13,
      88,
      45,
      195,
      10,
      123,
      126,
    ],
    "publicKey": Uint8Array [
      54,
      81,
      244,
      208,
      78,
      36,
      34,
      60,
      39,
      87,
      111,
      237,
      24,
      230,
      197,
      177,
      197,
      114,
      59,
      23,
      229,
      61,
      107,
      127,
      112,
      37,
      53,
      58,
      86,
      98,
      119,
      118,
      94,
      161,
      131,
      99,
      16,
      50,
      115,
      246,
      74,
      185,
      242,
      186,
      198,
      92,
      89,
      10,
      227,
      240,
      107,
      215,
      150,
      31,
      141,
      139,
      212,
      120,
      31,
      107,
      53,
      24,
      173,
      2,
      223,
      92,
      207,
      196,
      251,
      189,
      159,
      245,
      23,
      2,
      12,
      208,
      80,
      121,
      235,
      200,
      242,
      60,
      215,
      57,
      91,
      169,
      234,
      200,
      168,
      137,
      238,
      168,
      123,
      8,
      47,
      113,
      119,
      49,
      16,
      128,
      251,
      46,
      0,
      254,
      21,
      119,
      63,
      26,
      4,
      3,
      163,
      105,
      94,
      28,
      252,
      106,
      154,
      251,
      212,
      134,
      31,
      23,
      114,
      87,
      39,
      96,
      130,
      87,
      2,
      164,
      100,
      80,
      191,
      107,
      163,
      73,
      61,
      146,
      238,
      227,
      227,
      211,
      218,
      108,
      47,
      56,
      241,
      86,
      58,
      78,
      173,
      174,
      206,
      227,
      47,
      136,
      210,
      243,
      30,
      7,
      29,
      129,
      142,
      75,
      119,
      63,
      241,
      128,
      151,
      231,
      209,
      35,
      176,
      226,
      2,
      212,
      211,
      244,
      170,
      176,
      174,
      92,
      223,
      241,
      48,
      13,
      88,
      45,
      195,
      10,
      123,
      126,
    ],
  },
  "type": "orbitdb",
}
`;
