// Jest Snapshot v1, https://goo.gl/fbAQLP

exports[`Entry create creates a an empty entry 1`] = `"zb2rheDgZ3CaVUQbL8ChsY5kF9hgV1iQXb4UhAo7fJzPEvGGE"`;

exports[`Entry create creates a entry with payload 1`] = `"zb2rhkardACj93XjytedJJrvShAtNvCEQEXjbuBvBBH2GTmzm"`;

exports[`Entry create creates a entry with payload and next 1`] = `"zb2rhdJpUs68TZ9WmxFgJjkiEZvB9sNhjepHL29Yq6Rfe5QKr"`;

exports[`Entry fromMultihash creates a entry from ipfs hash 1`] = `"zb2rhbwo6vvxKjJ68UeA4vYxhhXxiiyTaLq2NAHkh3QtDSCYh"`;

exports[`Entry toMultihash returns an ipfs multihash 1`] = `"zb2rheDgZ3CaVUQbL8ChsY5kF9hgV1iQXb4UhAo7fJzPEvGGE"`;
