// Jest Snapshot v1, https://goo.gl/fbAQLP

exports[`Log get returns an Entry 1`] = `"zb2rhbvzcBVnVrHrnREeNygYYf5NybVPhmc9RTWf1xPgoW1iK"`;
