// Jest Snapshot v1, https://goo.gl/fbAQLP

exports[`Signed Log has the correct identity 1`] = `
Ed25519PublicKey {
  "_hashcode": "FYtHLB1DvMYA0nOoadJCd9905etYGw9+InoudFauDDo=",
  "publicKey": Uint8Array [
    38,
    133,
    144,
    254,
    51,
    144,
    185,
    57,
    225,
    61,
    232,
    239,
    240,
    65,
    249,
    2,
    159,
    113,
    250,
    93,
    131,
    192,
    228,
    252,
    185,
    244,
    1,
    106,
    62,
    133,
    232,
    66,
  ],
}
`;
