// Jest Snapshot v1, https://goo.gl/fbAQLP

exports[`Signed Log has the correct identity 1`] = `
Ed25519PublicKey {
  "publicKey": Uint8Array [
    16,
    152,
    75,
    140,
    55,
    87,
    14,
    105,
    244,
    144,
    79,
    134,
    53,
    159,
    17,
    116,
    73,
    91,
    241,
    18,
    68,
    22,
    139,
    107,
    68,
    72,
    162,
    126,
    7,
    108,
    47,
    170,
  ],
}
`;
